=== EMS mode=lhr peers=192.168.0.100 ===
baseline alive=0 sta_count=1
inject: ip link down/up hg0 (provokes control-plane churn)
t=0s alive=0 sta_count=0 mis=0
t=3s alive=0 sta_count=0 mis=0
LHR reconcile: alive=0 sta_count=1 → rebind_net=1
t=7s alive=0 sta_count=1 mis=1
LHR reconcile: alive=0 sta_count=1 → rebind_net=1
t=10s alive=0 sta_count=1 mis=1
LHR reconcile: alive=0 sta_count=1 → rebind_net=1
t=13s alive=0 sta_count=1 mis=1
LHR reconcile: alive=0 sta_count=1 → rebind_net=1
t=16s alive=0 sta_count=1 mis=1
LHR reconcile: alive=0 sta_count=1 → rebind_net=1
t=20s alive=0 sta_count=1 mis=1
LHR reconcile: alive=0 sta_count=1 → rebind_net=1
t=23s alive=0 sta_count=1 mis=1
LHR reconcile: alive=0 sta_count=1 → rebind_net=1
t=26s alive=0 sta_count=1 mis=1
LHR reconcile: alive=0 sta_count=1 → rebind_net=1
t=29s alive=0 sta_count=1 mis=1
LHR reconcile: alive=0 sta_count=1 → rebind_net=1
t=33s alive=0 sta_count=1 mis=1
LHR reconcile: alive=0 sta_count=1 → rebind_net=1
t=36s alive=0 sta_count=1 mis=1
LHR reconcile: alive=0 sta_count=1 → rebind_net=1
t=39s alive=0 sta_count=1 mis=1
LHR reconcile: alive=0 sta_count=1 → rebind_net=1
t=42s alive=0 sta_count=1 mis=1
self_heal=0 mismatch_final=1 alive=0 sta_count=1 mode=lhr
=== EMS done ===
