suite out=/data/local/tmp/halow_exp/results_20260922_193408 peers=172.16.0.100 172.16.0.101 npeers=2 N=20 RUN_E2=0
==== round 1/20 E4 stock ====
==== round 1/20 E4 lhr ====
==== round 1/20 EMS stock ====
==== round 1/20 EMS lhr ====
==== round 2/20 E4 stock ====
==== round 2/20 E4 lhr ====
==== round 2/20 EMS stock ====
==== round 2/20 EMS lhr ====
==== round 3/20 E4 stock ====
==== round 3/20 E4 lhr ====
==== round 3/20 EMS stock ====
==== round 3/20 EMS lhr ====
==== round 4/20 E4 stock ====
==== round 4/20 E4 lhr ====
==== round 4/20 EMS stock ====
==== round 4/20 EMS lhr ====
==== round 5/20 E4 stock ====
==== round 5/20 E4 lhr ====
==== round 5/20 EMS stock ====
==== round 5/20 EMS lhr ====
==== round 6/20 E4 stock ====
==== round 6/20 E4 lhr ====
==== round 6/20 EMS stock ====
==== round 6/20 EMS lhr ====
==== round 7/20 E4 stock ====
==== round 7/20 E4 lhr ====
==== round 7/20 EMS stock ====
==== round 7/20 EMS lhr ====
==== round 8/20 E4 stock ====
==== round 8/20 E4 lhr ====
==== round 8/20 EMS stock ====
==== round 8/20 EMS lhr ====
==== round 9/20 E4 stock ====
==== round 9/20 E4 lhr ====
==== round 9/20 EMS stock ====
==== round 9/20 EMS lhr ====
==== round 10/20 E4 stock ====
==== round 10/20 E4 lhr ====
==== round 10/20 EMS stock ====
==== round 10/20 EMS lhr ====
==== round 11/20 E4 stock ====
==== round 11/20 E4 lhr ====
==== round 11/20 EMS stock ====
==== round 11/20 EMS lhr ====
==== round 12/20 E4 stock ====
==== round 12/20 E4 lhr ====
==== round 12/20 EMS stock ====
==== round 12/20 EMS lhr ====
==== round 13/20 E4 stock ====
==== round 13/20 E4 lhr ====
==== round 13/20 EMS stock ====
==== round 13/20 EMS lhr ====
==== round 14/20 E4 stock ====
==== round 14/20 E4 lhr ====
==== round 14/20 EMS stock ====
==== round 14/20 EMS lhr ====
==== round 15/20 E4 stock ====
==== round 15/20 E4 lhr ====
==== round 15/20 EMS stock ====
==== round 15/20 EMS lhr ====
==== round 16/20 E4 stock ====
==== round 16/20 E4 lhr ====
==== round 16/20 EMS stock ====
==== round 16/20 EMS lhr ====
==== round 17/20 E4 stock ====
==== round 17/20 E4 lhr ====
==== round 17/20 EMS stock ====
==== round 17/20 EMS lhr ====
==== round 18/20 E4 stock ====
==== round 18/20 E4 lhr ====
==== round 18/20 EMS stock ====
==== round 18/20 EMS lhr ====
==== round 19/20 E4 stock ====
==== round 19/20 E4 lhr ====
==== round 19/20 EMS stock ====
==== round 19/20 EMS lhr ====
==== round 20/20 E4 stock ====
==== round 20/20 E4 lhr ====
==== round 20/20 EMS stock ====
==== round 20/20 EMS lhr ====
